

West to East: Canonry to Unfinishedness
Distance in Kilometers: 2799 km
Distance in Miles: 1739 miles
North to South: Canonry to Landuman
Distance in Kilometers: 5585 km
Distance in Miles: 3471 miles
Time: 0.000354 seconds

