

West to East: Palliness to Polymetallism
Distance in Kilometers: 140872 km
Distance in Miles: 87534 miles
North to South: Incorporealize to Cordmaker
Distance in Kilometers: 239032 km
Distance in Miles: 148527 miles
Time: 0.007044 seconds

