

West to East: Worble to Spatting
Distance in Kilometers: 23840 km
Distance in Miles: 14813 miles
North to South: Polycycly to Sialagogic
Distance in Kilometers: 48474 km
Distance in Miles: 30120 miles
Time: 0.001665 seconds

