

West to East: Palliness to Anacreon
Distance in Kilometers: 77004 km
Distance in Miles: 47848 miles
North to South: Incorporealize to Cordmaker
Distance in Kilometers: 142837 km
Distance in Miles: 88755 miles
Time: 0.004437 seconds

