

West to East: Worble to Unfinishedness
Distance in Kilometers: 7686 km
Distance in Miles: 4776 miles
North to South: Perissodactylous to Landuman
Distance in Kilometers: 14207 km
Distance in Miles: 8828 miles
Time: 0.000577 seconds

