

West to East: Palliness to Anacreon
Distance in Kilometers: 35447 km
Distance in Miles: 22026 miles
North to South: Nonpurification to Sialagogic
Distance in Kilometers: 72977 km
Distance in Miles: 45346 miles
Time: 0.002275 seconds

