

West to East: Worble to Spatting
Distance in Kilometers: 14480 km
Distance in Miles: 8997 miles
North to South: Solver to Sialagogic
Distance in Kilometers: 25379 km
Distance in Miles: 15769 miles
Time: 0.000904 seconds

