

West to East: Palliness to Polymetallism
Distance in Kilometers: 125946 km
Distance in Miles: 78259 miles
North to South: Incorporealize to Cordmaker
Distance in Kilometers: 217511 km
Distance in Miles: 135155 miles
Time: 0.006425 seconds

